I'm sorry, but errors were detected in your script. Please correct the
errors listed below, and try again.


File "game/script.rpy", line 171: show statement expects a non-empty block.
    show elena smile:
                     ^

Ren'Py Version: Ren'Py 8.3.4.24120703
Thu Mar  6 04:22:17 2025
